Context  Name     Kube Context  Namespace
c0       dev-app  kube-dev-1    ns-application
c1                kube-dev-1    ns-database