jq: error (at <stdin>:1): Cannot iterate over null (null)
