NAME	NAMESPACE	REVISION	UPDATED	STATUS	CHART	APP VERSION
