Invalid KubeConfig Number. (found: 5).

  kubeconfig-number: 0|1|2|3|4
