Usage: shed-kubeconfig-use kubeconfig-number

  kubeconfig-number: 0|1|2|3|4
