+ kubectl --context kube-dev-1 --namespace ns-application logs -f --tail=0 xxx
Error from server (NotFound): pods "xxx" not found