+ kubectl --context kube-dev-1 --namespace ns-application logs -f --tail=0 say-hello -c busybox-1
