SHED-KUBECTL-SECRET-DECODE(1)                       Shed Commands                       SHED-KUBECTL-SECRET-DECODE(1)

NAME
       shed-kubectl-secret-decode - read secret, decode all data with base64 and print onto screen.
       k-secret-decode - alias to shed-kubectl-secret-decode

SYNOPSIS
       shed-kubectl-secret-decode secretName
       shed kubectl-secret-decode secretName
       k-secret-decode secretName

DESCRIPTION
       Read secret, decode all data with base64 and print onto screen.

EXAMPLES
       shed-kubectl-secret-decode mySecret
            + kubectl -context kube-dev-1 get secrets/mySecret -o yaml
            [key1]
            value 1

            [key2]
            value 2

LICENSE
       MIT

BUGS
       Report bugs at https://github.com/siakhooi/shed/issues.

SEE ALSO
       shed-kubectl(1)

AUTHORS
       Siak Hooi.

Siak Hooi DevUtils 1.1.0                              April 2023                        SHED-KUBECTL-SECRET-DECODE(1)
