SHED-KUBECTL-EXEC-BASH(1)                           Shed Commands                           SHED-KUBECTL-EXEC-BASH(1)

NAME
       shed-kubectl-exec-bash  -  run bash in kubernetes resource via kubectl exec with context and/or namespace from
       current KubeConfig.
       k-bash - alias to shed-kubectl-exec-bash

SYNOPSIS
       shed-kubectl-exec-bash (pod | type/name) [container]
       shed kubectl-exec-bash (pod | type/name) [container]
       k-bash (pod | type/name) [container]

DESCRIPTION
       Run bash in kubernetes resource via kubectl exec with context and/or namespace from current KubeConfig.

EXAMPLES
       shed-use T; shed-kubectl-exec-bash pod-abc
              kubectl --context kube-test-1 exec -it pod-abc -- bash

       shed-use D; shed-kubectl-exec-bash pod/pod-abc
              kubectl --context kube-dev-1 --namespace ns-application exec -it pod/pod-abc -- bash

       shed-kubectl-exec-bash pod/pod-abc container-1
              kubectl --context kube-dev-1 --namespace ns-application exec -it pod/pod-abc -c container-1 -- bash

ENVIRONMENT VARIABLES
       KUBECONFIG
              contains paths to all KubeConfig files in ~/.shed/kubectl-config

LICENSE
       MIT

BUGS
       Report bugs at https://github.com/siakhooi/shed/issues.

SEE ALSO
       shed-kubeconfig-use(1), shed-kubectl(1), shed-kubectl-exec-sh(1)

AUTHORS
       Siak Hooi.

Siak Hooi DevUtils 1.1.0                              April 2023                            SHED-KUBECTL-EXEC-BASH(1)
