SHED-CONFIG.YAML(5)                                 Shed Commands                                 SHED-CONFIG.YAML(5)

NAME
       ~/.shed/config.yaml - shed config file

DESCRIPTION
       ~/.shed/config.yaml is config file in yaml format, with following available options:

       sheds[]                    # Array of Sheds
         + code                   # ShedCode
         + name                   # Shed Name
         + kubeconfig[0..4]       # Array of KubeConfigs, support up to 5 KubeConfigs per Shed
           + context              # kubectl context of KubeConfig
           + namespace            # optional, namespace of KubeConfig
           + prompt-name          # optional, name to be display in prompt
       shed-init
         + shed                   # ShedCode to use when session started
         + load-kubectl-config    # update environment variable KUBECONFIG, default: yes
       shed-kubeconfig-use
         + kubectl-switch-context # switch kubectl context on shed-kubeconfig-use, default: no

DETAIL
       .shed-init.load-kubectl-config
              default to yes, update environment variable KUBECONFIG with files in ~/.shed/kubectl-config.

       .shed-kubeconfig-use.kubectl-switch-context
              default to no, call kubectl use-context when shed-kubeconfig-use is called.

EXAMPLES
       sheds:
           - code: D
             name: shed-D-development
             kubeconfig:
               - context: kube-dev-1
                 namespace: ns-application
                 prompt-name: dev-app
               - context: kube-dev-1
                 namespace: ns-database
           - code: T
             name: shed-T-testing
             kubeconfig:
               - context: kube-test-1
               - context: kube-test-2
               - context: kube-test-3
           - code: P
             name: shed-P-production
             kubeconfig:
               - context: kube-prod-1
       shed-init:
           shed: P
           load-kubectl-config: no
       shed-kubeconfig-use:
           kubectl-switch-context: yes

FILES
       ~/.shed/config.yaml
              shed config file

ENVIRONMENT VARIABLES
       SHED_CONFIG_FILE
              shed config file, default to $SHED_CONFIG_HOME/config.yaml

LICENSE
       MIT

BUGS
       Report bugs at https://github.com/siakhooi/shed/issues.

SEE ALSO
       shed-config(1), shed-config-edit(1), shed-config-get(1), shed(1)

AUTHORS
       Siak Hooi.

Siak Hooi DevUtils 1.1.0                              March 2023                                  SHED-CONFIG.YAML(5)
