SHED-CONFIG-GET(1)                                  Shed Commands                                  SHED-CONFIG-GET(1)

NAME
       shed-config-get - get value from Shed config file

SYNOPSIS
       shed-config-get yamlPath
       shed config-get yamlPath

DESCRIPTION
       get value from Shed config file.

EXAMPLES
       shed-config-get .sheds[0].code
              D

       shed-config-get .sheds[0].name
              shed-D-development

EXIT CODE
       1      Environment variable SHED_CONFIG_FILE is not set.

       2      File stated in SHED_CONFIG_FILE does not exist.

FILES
       ~/.shed/config.yaml
              shed config file

ENVIRONMENT VARIABLES
       SHED_CONFIG_FILE
              shed config file, default to $SHED_CONFIG_HOME/config.yaml

LICENSE
       MIT

BUGS
       Report bugs at https://github.com/siakhooi/shed/issues.

SEE ALSO
       shed-config(1), shed-config-edit(1), shed-config.yaml(5), shed(1), shed-values(1), shed-value(1)

AUTHORS
       Siak Hooi.

Siak Hooi DevUtils 1.1.0                              March 2023                                   SHED-CONFIG-GET(1)
