SHED-KUBECTL(1)                                     Shed Commands                                     SHED-KUBECTL(1)

NAME
       shed-kubectl - run kubectl with context and/or namespace from current KubeConfig.
       k - alias to shed-kubectl

SYNOPSIS
       shed-kubectl [kubectl arguments]
       shed kubectl [kubectl arguments]
       k [kubectl arguments]

DESCRIPTION
       Run kubectl command with context and/or namespace from current KubeConfig.

EXAMPLES
       shed-use T; shed-kubectl get pods
              kubectl --context kube-test-1 get pods

       shed-use D; shed-kubectl get pods
              kubectl --context kube-dev-1 --namespace ns-application get pods

ENVIRONMENT VARIABLES
       KUBECONFIG
              contains paths to all kube config files in ~/.shed/kubectl-config

LICENSE
       MIT

BUGS
       Report bugs at https://github.com/siakhooi/shed/issues.

SEE ALSO
       shed-use(1), shed-kubeconfig-use(1), shed-helm(1), shed-istioctl(1), shed-kubectl-exec-sh(1), shed-kubectl-ex-
       ec-bash(1), shed-kubectl-scale(1), shed-kubectl-resources(1)

AUTHORS
       Siak Hooi.

Siak Hooi DevUtils 1.1.0                              March 2023                                      SHED-KUBECTL(1)
