SHED-LIST-CODE(1)                                   Shed Commands                                   SHED-LIST-CODE(1)

NAME
       shed-list-code - print list of shed codes, configured in the ~/.shed/config.yaml.

SYNOPSIS
       shed-list-code
       shed list-code

DESCRIPTION
       Print list of code of available sheds.

EXAMPLES
       shed-list-code
            D
            P
            T

FILES
       ~/.shed/config.yaml
              shed config file

ENVIRONMENT VARIABLES
       SHED_CONFIG_FILE
              shed config file, default to $SHED_CONFIG_HOME/config.yaml

LICENSE
       MIT

BUGS
       Report bugs at https://github.com/siakhooi/shed/issues.

SEE ALSO
       shed-config(1), shed-config.yaml(5), shed-list(1), shed(1)

AUTHORS
       Siak Hooi.

Siak Hooi DevUtils 1.1.0                              March 2023                                    SHED-LIST-CODE(1)
