Usage: (shed-kubectl-delete|shed kubectl-delete|kd) kubectl-resource
