Usage: shed-kubectl-logs-previous (pod | type/name) [container]