+ kubectl --context kube-dev-1 --namespace ns-application logs --previous busybox-looping -c busybox-1
