+ kubectl --context kube-dev-1 --namespace ns-application get secrets/xxx -o yaml
Error from server (NotFound): secrets "xxx" not found
[1;31mSecret not found!
[0m