+ kubectl --context kube-dev-1 --namespace ns-application get secrets/many-data -o yaml
[1;34m[key1]
[0mvalue1

[1;34m[superPassword]
[0mDontCopyMe

[1;34m[superUserName]
[0mhandsomeAdmin

