+ kubectl --context kube-dev-1 --namespace ns-application get secrets/no-data -o yaml
