Usage: shed-kubectl-secret-decode [-h] [-f] secretName
  -f  create local file structure