Code      Name
D         shed-D-development
T         shed-T-testing
