/working/src/bin/shed-config-edit: line 9: xxx: command not found