Usage: shed-kubectl-exec-bash (pod | type/name) [container]
