+ shed-kubectl apply -f /root/.shed/kubectl-resources/hello-world
+ kubectl --context kube-dev-1 --namespace ns-application apply -f /root/.shed/kubectl-resources/hello-world
pod/hello-world created
