hello-world
hello-world-kustomize
hello-world-scalable
