+ kubectl --context kube-dev-1 --namespace ns-application exec -it xxx -- sh
Error from server (NotFound): pods "xxx" not found