+ kubectl --context kube-dev-1 --namespace ns-application exec -it say-hello -- sh
/ # 
/ # exit
